
User@DESKTOP-IQ4UDIC MINGW64 ~
$ cd Desktop/

User@DESKTOP-IQ4UDIC MINGW64 ~/Desktop
$ cd SI_2023_lab1_143150/

User@DESKTOP-IQ4UDIC MINGW64 ~/Desktop/SI_2023_lab1_143150
$ git init SI_2023_lab1_143150
Initialized empty Git repository in C:/Users/User/Desktop/SI_2023_lab1_143150/SI_2023_lab1_143150/.git/

User@DESKTOP-IQ4UDIC MINGW64 ~/Desktop/SI_2023_lab1_143150
$ git remote add origin https://github.com/teamiovska/SI_2023_lab1_143150.git
fatal: not a git repository (or any of the parent directories): .git

User@DESKTOP-IQ4UDIC MINGW64 ~/Desktop/SI_2023_lab1_143150
$ ls
SI_2023_lab1_143150/

User@DESKTOP-IQ4UDIC MINGW64 ~/Desktop/SI_2023_lab1_143150
$ cd SI_2023_lab1_143150/

User@DESKTOP-IQ4UDIC MINGW64 ~/Desktop/SI_2023_lab1_143150/SI_2023_lab1_143150 (master)
$ git remote add origin https://github.com/teamiovska/SI_2023_lab1_143150.git

User@DESKTOP-IQ4UDIC MINGW64 ~/Desktop/SI_2023_lab1_143150/SI_2023_lab1_143150 (master)
$ git remote
origin

User@DESKTOP-IQ4UDIC MINGW64 ~/Desktop/SI_2023_lab1_143150/SI_2023_lab1_143150 (master)
$ git remote -v
origin  https://github.com/teamiovska/SI_2023_lab1_143150.git (fetch)
origin  https://github.com/teamiovska/SI_2023_lab1_143150.git (push)

User@DESKTOP-IQ4UDIC MINGW64 ~/Desktop/SI_2023_lab1_143150/SI_2023_lab1_143150 (master)
$ git status
On branch master

No commits yet

Untracked files:
  (use "git add <file>..." to include in what will be committed)
        README.md

nothing added to commit but untracked files present (use "git add" to track)

User@DESKTOP-IQ4UDIC MINGW64 ~/Desktop/SI_2023_lab1_143150/SI_2023_lab1_143150 (master)
$ git add README.md

User@DESKTOP-IQ4UDIC MINGW64 ~/Desktop/SI_2023_lab1_143150/SI_2023_lab1_143150 (master)
$ git commit -m "Initial commit"
[master (root-commit) fbd9e0a] Initial commit
 1 file changed, 1 insertion(+)
 create mode 100644 README.md

User@DESKTOP-IQ4UDIC MINGW64 ~/Desktop/SI_2023_lab1_143150/SI_2023_lab1_143150 (master)
$ ^C

User@DESKTOP-IQ4UDIC MINGW64 ~/Desktop/SI_2023_lab1_143150/SI_2023_lab1_143150 (master)
$ git status
On branch master
Untracked files:
  (use "git add <file>..." to include in what will be committed)
        SILab1.java

nothing added to commit but untracked files present (use "git add" to track)

User@DESKTOP-IQ4UDIC MINGW64 ~/Desktop/SI_2023_lab1_143150/SI_2023_lab1_143150 (master)
$ git add SILab1.java

User@DESKTOP-IQ4UDIC MINGW64 ~/Desktop/SI_2023_lab1_143150/SI_2023_lab1_143150 (master)
$ git commit -m "Add java class"
[master 98e9688] Add java class
 1 file changed, 41 insertions(+)
 create mode 100644 SILab1.java

User@DESKTOP-IQ4UDIC MINGW64 ~/Desktop/SI_2023_lab1_143150/SI_2023_lab1_143150 (master)
$ git push --all
Enumerating objects: 6, done.
Counting objects: 100% (6/6), done.
Delta compression using up to 8 threads
Compressing objects: 100% (4/4), done.
Writing objects: 100% (6/6), 829 bytes | 829.00 KiB/s, done.
Total 6 (delta 0), reused 0 (delta 0), pack-reused 0
To https://github.com/teamiovska/SI_2023_lab1_143150.git
 * [new branch]      master -> master

User@DESKTOP-IQ4UDIC MINGW64 ~/Desktop/SI_2023_lab1_143150/SI_2023_lab1_143150 (master)
$ git checkout -b bug1 master
Switched to a new branch 'bug1'

User@DESKTOP-IQ4UDIC MINGW64 ~/Desktop/SI_2023_lab1_143150/SI_2023_lab1_143150 (bug1)
$ git checkout -b bug2 master
Switched to a new branch 'bug2'

User@DESKTOP-IQ4UDIC MINGW64 ~/Desktop/SI_2023_lab1_143150/SI_2023_lab1_143150 (bug2)
$ git checkout -b bug3 master
Switched to a new branch 'bug3'

User@DESKTOP-IQ4UDIC MINGW64 ~/Desktop/SI_2023_lab1_143150/SI_2023_lab1_143150 (bug3)
$ git checkout bug1
Switched to branch 'bug1'

User@DESKTOP-IQ4UDIC MINGW64 ~/Desktop/SI_2023_lab1_143150/SI_2023_lab1_143150 (bug1)
$ git status
On branch bug1
Changes not staged for commit:
  (use "git add <file>..." to update what will be committed)
  (use "git restore <file>..." to discard changes in working directory)
        modified:   SILab1.java

Untracked files:
  (use "git add <file>..." to include in what will be committed)
        .idea/

no changes added to commit (use "git add" and/or "git commit -a")

User@DESKTOP-IQ4UDIC MINGW64 ~/Desktop/SI_2023_lab1_143150/SI_2023_lab1_143150 (bug1)
$ git add SILab1.java

User@DESKTOP-IQ4UDIC MINGW64 ~/Desktop/SI_2023_lab1_143150/SI_2023_lab1_143150 (bug1)
$ git commit -m "Fix wrong loop for reading"
[bug1 706868a] Fix wrong loop for reading
 1 file changed, 2 insertions(+), 2 deletions(-)

User@DESKTOP-IQ4UDIC MINGW64 ~/Desktop/SI_2023_lab1_143150/SI_2023_lab1_143150 (bug1)
$ git checkout bug2
Switched to branch 'bug2'

User@DESKTOP-IQ4UDIC MINGW64 ~/Desktop/SI_2023_lab1_143150/SI_2023_lab1_143150 (bug2)
$ git status
On branch bug2
Changes not staged for commit:
  (use "git add <file>..." to update what will be committed)
  (use "git restore <file>..." to discard changes in working directory)
        modified:   SILab1.java

Untracked files:
  (use "git add <file>..." to include in what will be committed)
        .idea/

no changes added to commit (use "git add" and/or "git commit -a")

User@DESKTOP-IQ4UDIC MINGW64 ~/Desktop/SI_2023_lab1_143150/SI_2023_lab1_143150 (bug2)
$ git add SILab1.java

User@DESKTOP-IQ4UDIC MINGW64 ~/Desktop/SI_2023_lab1_143150/SI_2023_lab1_143150 (bug2)
$ git commit -m "Fix wrong condition in filterOddNumbers"
[bug2 fd4f45f] Fix wrong condition in filterOddNumbers
 1 file changed, 2 insertions(+), 2 deletions(-)

User@DESKTOP-IQ4UDIC MINGW64 ~/Desktop/SI_2023_lab1_143150/SI_2023_lab1_143150 (bug2)
$ git checkout bug3
Switched to branch 'bug3'

User@DESKTOP-IQ4UDIC MINGW64 ~/Desktop/SI_2023_lab1_143150/SI_2023_lab1_143150 (bug3)
$ git status
On branch bug3
Changes not staged for commit:
  (use "git add <file>..." to update what will be committed)
  (use "git restore <file>..." to discard changes in working directory)
        modified:   SILab1.java

Untracked files:
  (use "git add <file>..." to include in what will be committed)
        .idea/

no changes added to commit (use "git add" and/or "git commit -a")

User@DESKTOP-IQ4UDIC MINGW64 ~/Desktop/SI_2023_lab1_143150/SI_2023_lab1_143150 (bug3)
$ git add SILab1.java

User@DESKTOP-IQ4UDIC MINGW64 ~/Desktop/SI_2023_lab1_143150/SI_2023_lab1_143150 (bug3)
$ git commit -m "Fix method sumEvenNumbers"
[bug3 6dc1b55] Fix method sumEvenNumbers
 1 file changed, 2 insertions(+), 2 deletions(-)

User@DESKTOP-IQ4UDIC MINGW64 ~/Desktop/SI_2023_lab1_143150/SI_2023_lab1_143150 (bug3)
$ git push --all
Enumerating objects: 11, done.
Counting objects: 100% (11/11), done.
Delta compression using up to 8 threads
Compressing objects: 100% (9/9), done.
Writing objects: 100% (9/9), 821 bytes | 821.00 KiB/s, done.
Total 9 (delta 5), reused 0 (delta 0), pack-reused 0
remote: Resolving deltas: 100% (5/5), completed with 1 local object.
To https://github.com/teamiovska/SI_2023_lab1_143150.git
 * [new branch]      bug1 -> bug1
 * [new branch]      bug2 -> bug2
 * [new branch]      bug3 -> bug3

User@DESKTOP-IQ4UDIC MINGW64 ~/Desktop/SI_2023_lab1_143150/SI_2023_lab1_143150 (bug3)
$ git checkout master
Switched to branch 'master'

User@DESKTOP-IQ4UDIC MINGW64 ~/Desktop/SI_2023_lab1_143150/SI_2023_lab1_143150 (master)
$ git merge bug1
Updating 98e9688..706868a
Fast-forward
 SILab1.java | 4 ++--
 1 file changed, 2 insertions(+), 2 deletions(-)

User@DESKTOP-IQ4UDIC MINGW64 ~/Desktop/SI_2023_lab1_143150/SI_2023_lab1_143150 (master)
$ git push --all
Total 0 (delta 0), reused 0 (delta 0), pack-reused 0
To https://github.com/teamiovska/SI_2023_lab1_143150.git
   98e9688..706868a  master -> master

User@DESKTOP-IQ4UDIC MINGW64 ~/Desktop/SI_2023_lab1_143150/SI_2023_lab1_143150 (master)
$ git merge bug2
Auto-merging SILab1.java
Merge made by the 'ort' strategy.
 SILab1.java | 2 +-
 1 file changed, 1 insertion(+), 1 deletion(-)

User@DESKTOP-IQ4UDIC MINGW64 ~/Desktop/SI_2023_lab1_143150/SI_2023_lab1_143150 (master)
$ git push --all

Enumerating objects: 7, done.
Counting objects: 100% (7/7), done.
Delta compression using up to 8 threads
Compressing objects: 100% (3/3), done.
Writing objects: 100% (3/3), 356 bytes | 356.00 KiB/s, done.
Total 3 (delta 1), reused 0 (delta 0), pack-reused 0
remote: Resolving deltas: 100% (1/1), completed with 1 local object.
To https://github.com/teamiovska/SI_2023_lab1_143150.git
   706868a..e426c8a  master -> master

User@DESKTOP-IQ4UDIC MINGW64 ~/Desktop/SI_2023_lab1_143150/SI_2023_lab1_143150 (master)
$

User@DESKTOP-IQ4UDIC MINGW64 ~/Desktop/SI_2023_lab1_143150/SI_2023_lab1_143150 (master)
$ git checkout bug3
Switched to branch 'bug3'

User@DESKTOP-IQ4UDIC MINGW64 ~/Desktop/SI_2023_lab1_143150/SI_2023_lab1_143150 (bug3)
$ git rebase master bug3
Successfully rebased and updated refs/heads/bug3.

User@DESKTOP-IQ4UDIC MINGW64 ~/Desktop/SI_2023_lab1_143150/SI_2023_lab1_143150 (bug3)
$ git checkout master
Switched to branch 'master'

User@DESKTOP-IQ4UDIC MINGW64 ~/Desktop/SI_2023_lab1_143150/SI_2023_lab1_143150 (master)
$ git push --all
To https://github.com/teamiovska/SI_2023_lab1_143150.git
 ! [rejected]        bug3 -> bug3 (non-fast-forward)
error: failed to push some refs to 'https://github.com/teamiovska/SI_2023_lab1_143150.git'
hint: Updates were rejected because a pushed branch tip is behind its remote
hint: counterpart. Check out this branch and integrate the remote changes
hint: (e.g. 'git pull ...') before pushing again.
hint: See the 'Note about fast-forwards' in 'git push --help' for details.

User@DESKTOP-IQ4UDIC MINGW64 ~/Desktop/SI_2023_lab1_143150/SI_2023_lab1_143150 (master)
$ git push --force origin bug3
Enumerating objects: 5, done.
Counting objects: 100% (5/5), done.
Delta compression using up to 8 threads
Compressing objects: 100% (3/3), done.
Writing objects: 100% (3/3), 335 bytes | 335.00 KiB/s, done.
Total 3 (delta 1), reused 0 (delta 0), pack-reused 0
remote: Resolving deltas: 100% (1/1), completed with 1 local object.
To https://github.com/teamiovska/SI_2023_lab1_143150.git
 + 6dc1b55...dd3a164 bug3 -> bug3 (forced update)

User@DESKTOP-IQ4UDIC MINGW64 ~/Desktop/SI_2023_lab1_143150/SI_2023_lab1_143150 (master)
